Discovering views...
Found 9 scenes, 246 views total
Building file records (methods={'HACplus+CR'})...
Total (method,rate,view) records: 738 (each -> 10 five-crop+flip sub-images)
Computing five-crop Inception (FID) + CLIP (CMMD) features for all fake + reference images (no_downsample=True)...
Loading pretrained model Inception3 from /home/u4546465/.cache/torch/hub/pyiqa/pt_inception-2015-12-05-6726825d.pth
  ref crops+features [50/246]
  ref crops+features [100/246]
  ref crops+features [150/246]
  ref crops+features [200/246]
  ref crops+features [246/246]
  fake crops+features [100/738]
  fake crops+features [200/738]
  fake crops+features [300/738]
  fake crops+features [400/738]
  fake crops+features [500/738]
  fake crops+features [600/738]
  fake crops+features [700/738]
  fake crops+features [738/738]
Computing per-scene FID + CMMD...
  [HACplus+CR/high/bicycle] FID=2.8123  CMMD=0.2466  (n_fake_crops=250, n_ref_crops=250)
  [HACplus+CR/mid/bicycle] FID=2.8663  CMMD=0.2868  (n_fake_crops=250, n_ref_crops=250)
  [HACplus+CR/low/bicycle] FID=3.8498  CMMD=0.4885  (n_fake_crops=250, n_ref_crops=250)
  [HACplus+CR/high/bonsai] FID=2.6858  CMMD=0.9212  (n_fake_crops=370, n_ref_crops=370)
  [HACplus+CR/mid/bonsai] FID=2.9496  CMMD=1.2382  (n_fake_crops=370, n_ref_crops=370)
  [HACplus+CR/low/bonsai] FID=3.9026  CMMD=1.5104  (n_fake_crops=370, n_ref_crops=370)
  [HACplus+CR/high/counter] FID=4.5089  CMMD=0.3840  (n_fake_crops=300, n_ref_crops=300)
  [HACplus+CR/mid/counter] FID=6.4823  CMMD=0.5004  (n_fake_crops=300, n_ref_crops=300)
  [HACplus+CR/low/counter] FID=6.7240  CMMD=0.9423  (n_fake_crops=300, n_ref_crops=300)
  [HACplus+CR/high/flowers] FID=7.1381  CMMD=0.6496  (n_fake_crops=220, n_ref_crops=220)
  [HACplus+CR/mid/flowers] FID=7.7470  CMMD=0.7751  (n_fake_crops=220, n_ref_crops=220)
  [HACplus+CR/low/flowers] FID=9.9944  CMMD=0.9255  (n_fake_crops=220, n_ref_crops=220)
  [HACplus+CR/high/garden] FID=2.1110  CMMD=0.5069  (n_fake_crops=240, n_ref_crops=240)
  [HACplus+CR/mid/garden] FID=2.4571  CMMD=0.5739  (n_fake_crops=240, n_ref_crops=240)
  [HACplus+CR/low/garden] FID=3.7735  CMMD=0.7564  (n_fake_crops=240, n_ref_crops=240)
  [HACplus+CR/high/kitchen] FID=2.6003  CMMD=0.2439  (n_fake_crops=350, n_ref_crops=350)
  [HACplus+CR/mid/kitchen] FID=2.8010  CMMD=0.3095  (n_fake_crops=350, n_ref_crops=350)
  [HACplus+CR/low/kitchen] FID=3.7785  CMMD=0.5426  (n_fake_crops=350, n_ref_crops=350)
  [HACplus+CR/high/room] FID=4.3330  CMMD=0.3655  (n_fake_crops=390, n_ref_crops=390)
  [HACplus+CR/mid/room] FID=4.9375  CMMD=0.4046  (n_fake_crops=390, n_ref_crops=390)
  [HACplus+CR/low/room] FID=6.3211  CMMD=0.6044  (n_fake_crops=390, n_ref_crops=390)
  [HACplus+CR/high/stump] FID=5.2935  CMMD=0.5518  (n_fake_crops=160, n_ref_crops=160)
  [HACplus+CR/mid/stump] FID=5.1320  CMMD=0.5509  (n_fake_crops=160, n_ref_crops=160)
  [HACplus+CR/low/stump] FID=6.0910  CMMD=0.6818  (n_fake_crops=160, n_ref_crops=160)
  [HACplus+CR/high/treehill] FID=7.4580  CMMD=0.6058  (n_fake_crops=180, n_ref_crops=180)
  [HACplus+CR/mid/treehill] FID=7.9724  CMMD=0.7712  (n_fake_crops=180, n_ref_crops=180)
  [HACplus+CR/low/treehill] FID=11.5966  CMMD=0.9780  (n_fake_crops=180, n_ref_crops=180)
Wrote /home/u4546465/iqa_eval/results/HACplus+CR/fivecrop_nodownsample_per_scene.csv
Wrote /home/u4546465/iqa_eval/results/HACplus+CR/fivecrop_nodownsample_summary.csv
