Discovering views...
Found 9 scenes, 246 views total
Building file records (methods={'HAC_ori'})...
Total (method,rate,view) records: 738 (each -> HiFiC two-grid 256x256 patches)
Computing HiFiC-patch Inception (FID) + CLIP (CMMD) features (no_downsample=True)...
Loading pretrained model Inception3 from /home/u4546465/.cache/torch/hub/pyiqa/pt_inception-2015-12-05-6726825d.pth
  ref patches+features [50/246]
  ref patches+features [100/246]
  ref patches+features [150/246]
  ref patches+features [200/246]
  ref patches+features [246/246]
  fake patches+features [100/738]
  fake patches+features [200/738]
  fake patches+features [300/738]
  fake patches+features [400/738]
  fake patches+features [500/738]
  fake patches+features [600/738]
  fake patches+features [700/738]
  fake patches+features [738/738]
Computing per-scene FID + CMMD...
  [HAC_ori/high/bicycle] FID=47.3850  CMMD=0.4382  (n_fake_patches=975, n_ref_patches=975)
  [HAC_ori/mid/bicycle] FID=57.9797  CMMD=0.5769  (n_fake_patches=975, n_ref_patches=975)
  [HAC_ori/low/bicycle] FID=91.6303  CMMD=1.2416  (n_fake_patches=975, n_ref_patches=975)
  [HAC_ori/high/bonsai] FID=45.7548  CMMD=0.4547  (n_fake_patches=1443, n_ref_patches=1443)
  [HAC_ori/mid/bonsai] FID=49.2378  CMMD=0.5007  (n_fake_patches=1443, n_ref_patches=1443)
  [HAC_ori/low/bonsai] FID=66.1936  CMMD=0.6738  (n_fake_patches=1443, n_ref_patches=1443)
  [HAC_ori/high/counter] FID=75.1627  CMMD=0.6292  (n_fake_patches=1170, n_ref_patches=1170)
  [HAC_ori/mid/counter] FID=83.0332  CMMD=0.7756  (n_fake_patches=1170, n_ref_patches=1170)
  [HAC_ori/low/counter] FID=116.6888  CMMD=1.3173  (n_fake_patches=1170, n_ref_patches=1170)
  [HAC_ori/high/flowers] FID=105.4583  CMMD=1.2581  (n_fake_patches=858, n_ref_patches=858)
  [HAC_ori/mid/flowers] FID=114.2559  CMMD=1.4119  (n_fake_patches=858, n_ref_patches=858)
  [HAC_ori/low/flowers] FID=145.7472  CMMD=1.7830  (n_fake_patches=858, n_ref_patches=858)
  [HAC_ori/high/garden] FID=49.3226  CMMD=0.2472  (n_fake_patches=936, n_ref_patches=936)
  [HAC_ori/mid/garden] FID=65.4402  CMMD=0.3940  (n_fake_patches=936, n_ref_patches=936)
  [HAC_ori/low/garden] FID=131.0249  CMMD=1.3074  (n_fake_patches=936, n_ref_patches=936)
  [HAC_ori/high/kitchen] FID=33.2614  CMMD=0.2013  (n_fake_patches=1365, n_ref_patches=1365)
  [HAC_ori/mid/kitchen] FID=38.5538  CMMD=0.2403  (n_fake_patches=1365, n_ref_patches=1365)
  [HAC_ori/low/kitchen] FID=61.5023  CMMD=0.4600  (n_fake_patches=1365, n_ref_patches=1365)
  [HAC_ori/high/room] FID=53.5590  CMMD=0.4768  (n_fake_patches=1521, n_ref_patches=1521)
  [HAC_ori/mid/room] FID=62.2479  CMMD=0.5502  (n_fake_patches=1521, n_ref_patches=1521)
  [HAC_ori/low/room] FID=88.0893  CMMD=0.8417  (n_fake_patches=1521, n_ref_patches=1521)
  [HAC_ori/high/stump] FID=56.7073  CMMD=0.9121  (n_fake_patches=624, n_ref_patches=624)
  [HAC_ori/mid/stump] FID=73.3960  CMMD=1.0477  (n_fake_patches=624, n_ref_patches=624)
  [HAC_ori/low/stump] FID=115.5391  CMMD=1.4440  (n_fake_patches=624, n_ref_patches=624)
  [HAC_ori/high/treehill] FID=117.6588  CMMD=1.1131  (n_fake_patches=702, n_ref_patches=702)
  [HAC_ori/mid/treehill] FID=147.3254  CMMD=1.2573  (n_fake_patches=702, n_ref_patches=702)
  [HAC_ori/low/treehill] FID=195.0276  CMMD=1.6370  (n_fake_patches=702, n_ref_patches=702)
Wrote /home/u4546465/iqa_eval/results/HAC_ori/patch_nodownsample_per_scene.csv
Wrote /home/u4546465/iqa_eval/results/HAC_ori/patch_nodownsample_summary.csv
